// Jest Snapshot v1, https://goo.gl/fbAQLP

exports[`smoke test 1`] = `
<div>
  <strong
    class="css-0"
  >
    cool
  </strong>
</div>
`;
